{
    "@context": "http://purl.imsglobal.org/ctx/caliper/v1p1",
    "action": "Submitted",
    "actor": {
        "id": "anonymous_id",
        "type": "Person"
    },
    "eventTime": "2020-07-10T12:52:23.039Z",
    "id": "urn:uuid:129915b8-4455-46d9-9da5-ef0707fddc06",
    "object": {
        "extensions": {
            "answers": {
                "3fc5461f86764ad7bdbdf6cbdde61e66_2_1": [
                    "choice_0",
                    "choice_3"
                ]
            },
            "attempts": 1,
            "correct_map": {
                "3fc5461f86764ad7bdbdf6cbdde61e66_2_1": {
                    "answervariable": null,
                    "correctness": "correct",
                    "hint": "",
                    "hintmode": null,
                    "msg": "",
                    "npoints": null,
                    "queuestate": null
                }
            },
            "course_id": "course-v1:edX+DemoX+Demo_Course",
            "grade": 1,
            "max_grade": 1,
            "problem_id": "block-v1:edX+DemoX+Demo_Course+type@problem+block@3fc5461f86764ad7bdbdf6cbdde61e66",
            "state": {
                "correct_map": {},
                "done": false,
                "has_saved_answers": false,
                "input_state": {
                    "3fc5461f86764ad7bdbdf6cbdde61e66_2_1": {}
                },
                "seed": 1,
                "student_answers": {}
            },
            "submission": {
                "3fc5461f86764ad7bdbdf6cbdde61e66_2_1": {
                    "answer": [
                        "a correct answer",
                        "a correct answer"
                    ],
                    "correct": true,
                    "group_label": "",
                    "input_type": "checkboxgroup",
                    "question": "Add the question text, or prompt, here. This text is required.",
                    "response_type": "choiceresponse",
                    "variant": ""
                }
            },
            "success": "correct"
        },
        "id": "block-v1:edX+DemoX+Demo_Course+type@problem+block@3fc5461f86764ad7bdbdf6cbdde61e66",
        "type": "Assessment"
    },
    "referrer": {
        "id": "http://localhost:18000/courses/course-v1:edX+DemoX+Demo_Course/courseware/8b66dcd2d6134eda9355089ece4f39f6/ef37eb3cf1724e38b7f88a9ce85a4842/?activate_block_id=block-v1%3AedX%2BDemoX%2BDemo_Course%2Btype%40sequential%2Bblock%40ef37eb3cf1724e38b7f88a9ce85a4842",
        "type": "WebPage"
    },
    "type": "AssessmentEvent"
}
